// Jest Snapshot v1, https://goo.gl/fbAQLP

exports[`Shelves Container renders App Container correctly 1`] = `
<div
  className="app"
>
  <div
    className="list-books"
  >
    <div
      className="list-books-title"
    >
      <h1>
        MyReads
      </h1>
    </div>
    <div
      className="list-books-content"
    >
      <div>
        <div
          className="book-shelf"
        >
          <h2
            className="ui top attached header"
          >
            Currently Reading
          </h2>
          <div
            className="ui attached segment"
          >
            <div
              className="bookshelf-books"
            >
              <ol
                className="books-grid"
              >
                <li
                  className="ui message empty-message"
                >
                  emptyShelf
                </li>
              </ol>
            </div>
          </div>
        </div>
        <div
          className="book-shelf"
        >
          <h2
            className="ui top attached header"
          >
            Want to Read
          </h2>
          <div
            className="ui attached segment"
          >
            <div
              className="bookshelf-books"
            >
              <ol
                className="books-grid"
              >
                <li
                  className="ui message empty-message"
                >
                  emptyShelf
                </li>
              </ol>
            </div>
          </div>
        </div>
        <div
          className="book-shelf"
        >
          <h2
            className="ui top attached header"
          >
            Read
          </h2>
          <div
            className="ui attached segment"
          >
            <div
              className="bookshelf-books"
            >
              <ol
                className="books-grid"
              >
                <li
                  className="ui message empty-message"
                >
                  emptyShelf
                </li>
              </ol>
            </div>
          </div>
        </div>
      </div>
    </div>
    <div
      className="open-search"
    >
      <a
        href="/search"
        onClick={[Function]}
      >
        addBook
      </a>
    </div>
  </div>
</div>
`;
