// Jest Snapshot v1, https://goo.gl/fbAQLP

exports[`Shelves Container renders App Container correctly 1`] = `
<div
  className="app"
>
  <div
    className="list-books"
  >
    <div
      className="list-books-title"
    >
      <h1>
        MyReads
      </h1>
    </div>
    <div
      className="list-books-content"
    >
      <div>
        <div
          className="bookshelf"
        >
          <h2
            className="bookshelf-title"
          >
            Currently Reading
          </h2>
          <div
            className="bookshelf-books"
          >
            <ol
              className="books-grid"
            >
              <li
                className="empty-message"
              >
                emptyShelf
              </li>
            </ol>
          </div>
        </div>
        <div
          className="bookshelf"
        >
          <h2
            className="bookshelf-title"
          >
            Want to Read
          </h2>
          <div
            className="bookshelf-books"
          >
            <ol
              className="books-grid"
            >
              <li
                className="empty-message"
              >
                emptyShelf
              </li>
            </ol>
          </div>
        </div>
        <div
          className="bookshelf"
        >
          <h2
            className="bookshelf-title"
          >
            Read
          </h2>
          <div
            className="bookshelf-books"
          >
            <ol
              className="books-grid"
            >
              <li
                className="empty-message"
              >
                emptyShelf
              </li>
            </ol>
          </div>
        </div>
      </div>
    </div>
    <div
      className="open-search"
    >
      <a
        href="/search"
        onClick={[Function]}
      >
        addBook
      </a>
    </div>
  </div>
</div>
`;
