// Jest Snapshot v1, https://goo.gl/fbAQLP

exports[`SearchPage Container renders correctly 1`] = `
<div
  className="search-books"
>
  <div
    className="search-books-bar"
  >
    <a
      className="close-search"
      href="/"
      onClick={[Function]}
    >
      Close
    </a>
    <div
      className="search-books-input-wrapper"
    >
      <div
        className="react-autosuggest__container"
      >
        <input
          aria-activedescendant={null}
          aria-autocomplete="list"
          aria-expanded={false}
          aria-haspopup={false}
          aria-owns="react-autowhatever-1"
          autoComplete="off"
          className="react-autosuggest__input"
          onBlur={[Function]}
          onChange={[Function]}
          onFocus={[Function]}
          onKeyDown={[Function]}
          placeholder="Search by title or author"
          role="combobox"
          type="text"
          value=""
        />
        <div
          className="react-autosuggest__suggestions-container"
          id="react-autowhatever-1"
        />
      </div>
    </div>
  </div>
  <div
    className="search-books-results"
  >
    
    <ol
      className="books-grid"
    >
      <li
        className="empty-message"
      >
        No books here, search for something
      </li>
    </ol>
  </div>
</div>
`;
