// Jest Snapshot v1, https://goo.gl/fbAQLP

exports[`Book Component renders correctly 1`] = `
<div
  className="book"
>
  <div
    className="book-top"
  >
    <img
      alt="Book Title 1"
      className="book-cover"
      height="193"
      src="http://img01.jpg"
      width="128"
    />
    <div
      className="book-shelf-changer"
    >
      <select
        onChange={[Function]}
      >
        <option
          disabled={true}
          value="none"
        >
          Move to...
        </option>
        <option
          value="currentlyReading"
        >
          Currently Reading
        </option>
        <option
          value="wantToRead"
        >
          Want to Read
        </option>
        <option
          value="read"
        >
          Read
        </option>
        <option
          value="none"
        >
          None
        </option>
      </select>
    </div>
  </div>
  <div
    className="book-title"
  >
    Book Title 1
  </div>
  <div
    className="book-authors"
  >
    Author One, Author Two
  </div>
</div>
`;
